// Jest Snapshot v1, https://goo.gl/fbAQLP

exports[`Pruebas en <TodoListItem /> Debe mostrarse correctamente 1`] = `
<li
  className="list-group-item"
  key="3"
>
  <p
    className="false"
    id="p-toggleTodo"
    onClick={[Function]}
  >
    4
    . 
    Aprender NodeJS
  </p>
  <button
    className="btn btn-danger btn-delete"
    onClick={[Function]}
  >
    Borrar
  </button>
</li>
`;
